// Jest Snapshot v1, https://goo.gl/fbAQLP

exports[`App component renders App 1`] = `
<DocumentFragment>
  <img
    src="https://i.dailymail.co.uk/i/pix/2016/03/18/15/324D202500000578-3498922-image-a-33_1458315465874.jpg"
  />
</DocumentFragment>
`;
